Microsoft (R) Library Manager Version 6.00.8168
Copyright (C) Microsoft Corp 1992-1998. All rights reserved.

.\ADLER32.OBJ
.\BMAP.OBJ
.\BMAPIMG.OBJ
.\BUTTON.OBJ
.\CHECKBOX.OBJ
.\CLIPBRD.OBJ
.\CLIPLINE.OBJ
.\COMPOSE.OBJ
.\COMPRESS.OBJ
.\CONTROL.OBJ
.\CRC32.OBJ
.\DEFLATE.OBJ
.\DIALOG.OBJ
.\DRAWBMAP.OBJ
.\DRAWIMG.OBJ
.\DRAWING.OBJ
.\DRAWTEXT.OBJ
.\DRAWWIN.OBJ
.\DROPFLD.OBJ
.\DROPLIST.OBJ
.\EVENT.OBJ
.\FIELD.OBJ
.\FOLDER.OBJ
.\FONT.OBJ
.\GA2.OBJ
.\GIF.OBJ
.\GRAPHICS.OBJ
.\IMAGE.OBJ
.\IMAGEBTN.OBJ
.\IMGLABEL.OBJ
.\IMGLIST.OBJ
.\IMGREAD.OBJ
.\IMGWRITE.OBJ
.\INFBLOCK.OBJ
.\INFCODES.OBJ
.\INFFAST.OBJ
.\INFLATE.OBJ
.\INFTREES.OBJ
.\INFUTIL.OBJ
.\INIT.OBJ
.\JCAPIMIN.OBJ
.\JCAPISTD.OBJ
.\JCCOEFCT.OBJ
.\JCCOLOR.OBJ
.\JCDCTMGR.OBJ
.\JCHUFF.OBJ
.\JCINIT.OBJ
.\JCMAINCT.OBJ
.\JCMARKER.OBJ
.\JCMASTER.OBJ
.\JCOMAPI.OBJ
.\JCPARAM.OBJ
.\JCPHUFF.OBJ
.\JCPREPCT.OBJ
.\JCSAMPLE.OBJ
.\JCTRANS.OBJ
.\JDAPIMIN.OBJ
.\JDAPISTD.OBJ
.\JDATADST.OBJ
.\JDATASRC.OBJ
.\JDCOEFCT.OBJ
.\JDCOLOR.OBJ
.\JDDCTMGR.OBJ
.\JDHUFF.OBJ
.\JDINPUT.OBJ
.\JDMAINCT.OBJ
.\JDMARKER.OBJ
.\JDMASTER.OBJ
.\JDMERGE.OBJ
.\JDPHUFF.OBJ
.\JDPOSTCT.OBJ
.\JDSAMPLE.OBJ
.\JDTRANS.OBJ
.\JERROR.OBJ
.\JFDCTFLT.OBJ
.\JFDCTFST.OBJ
.\JFDCTINT.OBJ
.\JIDCTFLT.OBJ
.\JIDCTFST.OBJ
.\JIDCTINT.OBJ
.\JIDCTRED.OBJ
.\JMEMMGR.OBJ
.\JMEMNOBS.OBJ
.\JQUANT1.OBJ
.\JQUANT2.OBJ
.\JUTILS.OBJ
.\LABEL.OBJ
.\LISTBOX.OBJ
.\MALLOC.OBJ
.\MENU.OBJ
.\PALETTE.OBJ
.\PASSFLD.OBJ
.\PNG.OBJ
.\PNGERROR.OBJ
.\PNGGET.OBJ
.\PNGMEM.OBJ
.\PNGPREAD.OBJ
.\PNGREAD.OBJ
.\PNGRIO.OBJ
.\PNGRTRAN.OBJ
.\PNGRUTIL.OBJ
.\PNGSET.OBJ
.\PNGTRANS.OBJ
.\PNGWIO.OBJ
.\PNGWRITE.OBJ
.\PNGWTRAN.OBJ
.\PNGWUTIL.OBJ
.\POINT.OBJ
.\RADIOBTN.OBJ
.\READGIF.OBJ
.\READH.OBJ
.\READJPG.OBJ
.\READPNG.OBJ
.\RECT.OBJ
.\REGION.OBJ
.\RESOURCE.OBJ
.\RGB.OBJ
.\SCROLL.OBJ
.\STR.OBJ
.\TEXTBOX.OBJ
.\TIMER.OBJ
.\TREES.OBJ
.\UNCOMPR.OBJ
.\UTF8.OBJ
.\UTF8REGX.OBJ
.\WIN.OBJ
.\WRITEGIF.OBJ
.\WRITEH.OBJ
.\WRITEJPG.OBJ
.\WRITEPNG.OBJ
.\ZUTIL.OBJ
